---
source: crates/stilyagi-extract/tests/extract/ir_identity.rs
assertion_line: 111
expression: "document.to_canonical_json().unwrap_or_else(|error|\npanic!(\"expected canonical Rust IR JSON: {error}\"))"
---
{
  "schema_version": "1.1.0",
  "document": {
    "uri": null,
    "path": "tests/fixtures/corpus/rust/valid/item-doc-comments.rs",
    "syntax": "rust",
    "natural_language": null,
    "encoding": "utf-8",
    "content_hash": "sha256:c13596b2073e963f7b52e8d97b6db9e94365ca6be240567118df322c1e276146"
  },
  "producers": [
    {
      "kind": "tree-sitter",
      "name": "tree-sitter-rust",
      "version": "0.24.2",
      "options": {
        "doc_comment_content": "verbatim",
        "node_store": "bounded",
        "owner_qualname": "rust"
      }
    }
  ],
  "line_index": [
    0,
    70,
    71,
    108,
    183,
    210,
    211,
    244,
    266,
    327,
    380,
    401,
    407,
    409,
    410,
    442,
    467,
    488,
    551,
    580
  ],
  "trees": [
    {
      "id": "t0",
      "family": "tree-sitter",
      "syntax": "rust",
      "root": "n0"
    }
  ],
  "nodes": [
    {
      "id": "n0",
      "tree": "t0",
      "kind": "module",
      "parent": null,
      "children": [
        "n1",
        "n2",
        "n4",
        "n6",
        "n8",
        "n9",
        "n10",
        "n11",
        "n12"
      ],
      "fields": {},
      "props": {},
      "span": {
        "byte_start": 0,
        "byte_end": 580
      },
      "flags": {
        "named": true,
        "error": false,
        "missing": false,
        "synthetic": false
      }
    },
    {
      "id": "n1",
      "tree": "t0",
      "kind": "line_comment",
      "parent": "n0",
      "children": [],
      "fields": {},
      "props": {},
      "span": {
        "byte_start": 0,
        "byte_end": 70
      },
      "flags": {
        "named": true,
        "error": false,
        "missing": false,
        "synthetic": false
      }
    },
    {
      "id": "n2",
      "tree": "t0",
      "kind": "struct_item",
      "parent": "n0",
      "children": [
        "n3"
      ],
      "fields": {
        "name": "FixtureExample"
      },
      "props": {},
      "span": {
        "byte_start": 183,
        "byte_end": 209
      },
      "flags": {
        "named": true,
        "error": false,
        "missing": false,
        "synthetic": false
      }
    },
    {
      "id": "n3",
      "tree": "t0",
      "kind": "line_comment",
      "parent": "n2",
      "children": [],
      "fields": {},
      "props": {},
      "span": {
        "byte_start": 108,
        "byte_end": 183
      },
      "flags": {
        "named": true,
        "error": false,
        "missing": false,
        "synthetic": false
      }
    },
    {
      "id": "n4",
      "tree": "t0",
      "kind": "function_item",
      "parent": "n0",
      "children": [
        "n5"
      ],
      "fields": {
        "name": "documented_value"
      },
      "props": {},
      "span": {
        "byte_start": 331,
        "byte_end": 406
      },
      "flags": {
        "named": true,
        "error": false,
        "missing": false,
        "synthetic": false
      }
    },
    {
      "id": "n5",
      "tree": "t0",
      "kind": "line_comment",
      "parent": "n4",
      "children": [],
      "fields": {},
      "props": {},
      "span": {
        "byte_start": 270,
        "byte_end": 327
      },
      "flags": {
        "named": true,
        "error": false,
        "missing": false,
        "synthetic": false
      }
    },
    {
      "id": "n6",
      "tree": "t0",
      "kind": "function_item",
      "parent": "n0",
      "children": [
        "n7"
      ],
      "fields": {
        "name": "fixture_function"
      },
      "props": {},
      "span": {
        "byte_start": 551,
        "byte_end": 579
      },
      "flags": {
        "named": true,
        "error": false,
        "missing": false,
        "synthetic": false
      }
    },
    {
      "id": "n7",
      "tree": "t0",
      "kind": "line_comment",
      "parent": "n6",
      "children": [],
      "fields": {},
      "props": {},
      "span": {
        "byte_start": 488,
        "byte_end": 551
      },
      "flags": {
        "named": true,
        "error": false,
        "missing": false,
        "synthetic": false
      }
    },
    {
      "id": "n8",
      "tree": "t0",
      "kind": "comment",
      "parent": "n0",
      "children": [],
      "fields": {},
      "props": {},
      "span": {
        "byte_start": 71,
        "byte_end": 107
      },
      "flags": {
        "named": true,
        "error": false,
        "missing": false,
        "synthetic": false
      }
    },
    {
      "id": "n9",
      "tree": "t0",
      "kind": "comment",
      "parent": "n0",
      "children": [],
      "fields": {},
      "props": {},
      "span": {
        "byte_start": 211,
        "byte_end": 243
      },
      "flags": {
        "named": true,
        "error": false,
        "missing": false,
        "synthetic": false
      }
    },
    {
      "id": "n10",
      "tree": "t0",
      "kind": "comment",
      "parent": "n0",
      "children": [],
      "fields": {},
      "props": {},
      "span": {
        "byte_start": 410,
        "byte_end": 441
      },
      "flags": {
        "named": true,
        "error": false,
        "missing": false,
        "synthetic": false
      }
    },
    {
      "id": "n11",
      "tree": "t0",
      "kind": "comment",
      "parent": "n0",
      "children": [],
      "fields": {},
      "props": {},
      "span": {
        "byte_start": 442,
        "byte_end": 466
      },
      "flags": {
        "named": true,
        "error": false,
        "missing": false,
        "synthetic": false
      }
    },
    {
      "id": "n12",
      "tree": "t0",
      "kind": "comment",
      "parent": "n0",
      "children": [],
      "fields": {},
      "props": {},
      "span": {
        "byte_start": 467,
        "byte_end": 487
      },
      "flags": {
        "named": true,
        "error": false,
        "missing": false,
        "synthetic": false
      }
    }
  ],
  "regions": [
    {
      "id": "r0",
      "kind": "rust_doc_comment",
      "scope": [
        "rust",
        "doc_comment",
        "module"
      ],
      "syntax": "rust",
      "natural_language": null,
      "text": " Crate-level documentation comment for the shared Stilyagi corpus.",
      "segments": [
        {
          "text_start": 0,
          "text_end": 66,
          "source": {
            "byte_start": 3,
            "byte_end": 69
          },
          "synthetic": null,
          "node": "n1",
          "text": " Crate-level documentation comment for the shared Stilyagi corpus."
        }
      ],
      "origin_nodes": [
        "n1"
      ],
      "owner": {
        "kind": "module",
        "name": null,
        "qualname": null
      },
      "attrs": {},
      "parent_region": null
    },
    {
      "id": "r1",
      "kind": "rust_doc_comment",
      "scope": [
        "rust",
        "doc_comment",
        "struct"
      ],
      "syntax": "rust",
      "natural_language": null,
      "text": " Item-level documentation comment used by later Rust extraction slices.",
      "segments": [
        {
          "text_start": 0,
          "text_end": 71,
          "source": {
            "byte_start": 111,
            "byte_end": 182
          },
          "synthetic": null,
          "node": "n3",
          "text": " Item-level documentation comment used by later Rust extraction slices."
        }
      ],
      "origin_nodes": [
        "n3"
      ],
      "owner": {
        "kind": "struct",
        "name": "FixtureExample",
        "qualname": "FixtureExample"
      },
      "attrs": {},
      "parent_region": null
    },
    {
      "id": "r2",
      "kind": "rust_doc_comment",
      "scope": [
        "rust",
        "doc_comment",
        "function"
      ],
      "syntax": "rust",
      "natural_language": null,
      "text": " Method documentation comment with extractable prose.",
      "segments": [
        {
          "text_start": 0,
          "text_end": 53,
          "source": {
            "byte_start": 273,
            "byte_end": 326
          },
          "synthetic": null,
          "node": "n5",
          "text": " Method documentation comment with extractable prose."
        }
      ],
      "origin_nodes": [
        "n5"
      ],
      "owner": {
        "kind": "function",
        "name": "documented_value",
        "qualname": "FixtureExample::documented_value"
      },
      "attrs": {},
      "parent_region": null
    },
    {
      "id": "r3",
      "kind": "rust_doc_comment",
      "scope": [
        "rust",
        "doc_comment",
        "function"
      ],
      "syntax": "rust",
      "natural_language": null,
      "text": " Function documentation comment after a suppression marker.",
      "segments": [
        {
          "text_start": 0,
          "text_end": 59,
          "source": {
            "byte_start": 491,
            "byte_end": 550
          },
          "synthetic": null,
          "node": "n7",
          "text": " Function documentation comment after a suppression marker."
        }
      ],
      "origin_nodes": [
        "n7"
      ],
      "owner": {
        "kind": "function",
        "name": "fixture_function",
        "qualname": "fixture_function"
      },
      "attrs": {},
      "parent_region": null
    }
  ],
  "suppressions": [
    {
      "id": "s0",
      "kind": "inline",
      "codes": [
        "terminology"
      ],
      "span": {
        "byte_start": 71,
        "byte_end": 107
      },
      "origin": "n8"
    },
    {
      "id": "s1",
      "kind": "range",
      "range_role": "open",
      "codes": [
        "terminology"
      ],
      "span": {
        "byte_start": 211,
        "byte_end": 243
      },
      "origin": "n9"
    },
    {
      "id": "s2",
      "kind": "range",
      "range_role": "close",
      "codes": [
        "terminology"
      ],
      "span": {
        "byte_start": 410,
        "byte_end": 441
      },
      "origin": "n10"
    },
    {
      "id": "s3",
      "kind": "file",
      "codes": [],
      "span": {
        "byte_start": 442,
        "byte_end": 466
      },
      "origin": "n11"
    }
  ],
  "errors": [
    {
      "code": "suppression-blanket-forbidden",
      "message": "blanket suppression directives must name at least one code",
      "span": {
        "byte_start": 467,
        "byte_end": 487
      }
    }
  ],
  "metadata": {}
}
